[INFO] Scanning for projects...
[INFO] ------------------------------------------------------------------------
[INFO] Reactor Build Order:
[INFO] 
[INFO] GeoTrack - Parent                                                  [pom]
[INFO] GeoTrack - Common                                                  [jar]
[INFO] GeoTrack - API Service                                             [jar]
[INFO] GeoTrack - Processing Service                                      [jar]
[INFO] GeoTrack - Simulator                                               [jar]
[INFO] 
[INFO] --------------------< com.geotrack:geotrack-parent >--------------------
[INFO] Building GeoTrack - Parent 1.0.0-SNAPSHOT                          [1/5]
[INFO]   from pom.xml
[INFO] --------------------------------[ pom ]---------------------------------
[INFO] 
[INFO] --------------------< com.geotrack:geotrack-common >--------------------
[INFO] Building GeoTrack - Common 1.0.0-SNAPSHOT                          [2/5]
[INFO]   from geotrack-common\pom.xml
[INFO] --------------------------------[ jar ]---------------------------------
[INFO] 
[INFO] --- resources:3.3.1:resources (default-resources) @ geotrack-common ---
[INFO] skip non existing resourceDirectory C:\Users\stuar\.openclaw\workspace-personal\geotrack\geotrack-common\src\main\resources
[INFO] 
[INFO] --- compiler:3.13.0:compile (default-compile) @ geotrack-common ---
[INFO] Nothing to compile - all classes are up to date.
[INFO] 
[INFO] --- resources:3.3.1:testResources (default-testResources) @ geotrack-common ---
[INFO] skip non existing resourceDirectory C:\Users\stuar\.openclaw\workspace-personal\geotrack\geotrack-common\src\test\resources
[INFO] 
[INFO] --- compiler:3.13.0:testCompile (default-testCompile) @ geotrack-common ---
[INFO] Nothing to compile - all classes are up to date.
[INFO] 
[INFO] --- surefire:3.5.2:test (default-test) @ geotrack-common ---
[INFO] Using auto detected provider org.apache.maven.surefire.junitplatform.JUnitPlatformProvider
[INFO] 
[INFO] -------------------------------------------------------
[INFO]  T E S T S
[INFO] -------------------------------------------------------
[INFO] Running com.geotrack.common.spatial.SpatialEngineTest
[INFO] Running com.geotrack.common.spatial.SpatialEngineTest$RouteOperations
[INFO] Tests run: 2, Failures: 0, Errors: 0, Skipped: 0, Time elapsed: 0.037 s -- in com.geotrack.common.spatial.SpatialEngineTest$RouteOperations
[INFO] Running com.geotrack.common.spatial.SpatialEngineTest$BearingCalculations
[INFO] Tests run: 3, Failures: 0, Errors: 0, Skipped: 0, Time elapsed: 0.007 s -- in com.geotrack.common.spatial.SpatialEngineTest$BearingCalculations
[INFO] Running com.geotrack.common.spatial.SpatialEngineTest$DistanceCalculations
[INFO] Tests run: 4, Failures: 0, Errors: 0, Skipped: 0, Time elapsed: 0.008 s -- in com.geotrack.common.spatial.SpatialEngineTest$DistanceCalculations
[INFO] Running com.geotrack.common.spatial.SpatialEngineTest$ContainmentChecks
[INFO] Tests run: 8, Failures: 0, Errors: 0, Skipped: 0, Time elapsed: 0.077 s -- in com.geotrack.common.spatial.SpatialEngineTest$ContainmentChecks
[INFO] Running com.geotrack.common.spatial.SpatialEngineTest$PolygonCreation
[INFO] Tests run: 3, Failures: 0, Errors: 0, Skipped: 0, Time elapsed: 0.046 s -- in com.geotrack.common.spatial.SpatialEngineTest$PolygonCreation
[INFO] Running com.geotrack.common.spatial.SpatialEngineTest$PointCreation
[INFO] Tests run: 3, Failures: 0, Errors: 0, Skipped: 0, Time elapsed: 0.005 s -- in com.geotrack.common.spatial.SpatialEngineTest$PointCreation
[INFO] Tests run: 0, Failures: 0, Errors: 0, Skipped: 0, Time elapsed: 0.442 s -- in com.geotrack.common.spatial.SpatialEngineTest
[INFO] Running com.geotrack.common.validation.CoordinateValidatorTest
[INFO] Tests run: 35, Failures: 0, Errors: 0, Skipped: 0, Time elapsed: 0.047 s -- in com.geotrack.common.validation.CoordinateValidatorTest
[INFO] 
[INFO] Results:
[INFO] 
[INFO] Tests run: 58, Failures: 0, Errors: 0, Skipped: 0
[INFO] 
[INFO] 
[INFO] ---------------------< com.geotrack:geotrack-api >----------------------
[INFO] Building GeoTrack - API Service 1.0.0-SNAPSHOT                     [3/5]
[INFO]   from geotrack-api\pom.xml
[INFO] --------------------------------[ jar ]---------------------------------
[INFO] 
[INFO] --- resources:3.3.1:resources (default-resources) @ geotrack-api ---
[INFO] Copying 2 resources from src\main\resources to target\classes
[INFO] 
[INFO] --- quarkus:3.17.7:generate-code (default) @ geotrack-api ---
[INFO] 
[INFO] --- compiler:3.13.0:compile (default-compile) @ geotrack-api ---
[INFO] Nothing to compile - all classes are up to date.
[INFO] 
[INFO] --- quarkus:3.17.7:generate-code-tests (default) @ geotrack-api ---
[INFO] 
[INFO] --- resources:3.3.1:testResources (default-testResources) @ geotrack-api ---
[INFO] skip non existing resourceDirectory C:\Users\stuar\.openclaw\workspace-personal\geotrack\geotrack-api\src\test\resources
[INFO] 
[INFO] --- compiler:3.13.0:testCompile (default-testCompile) @ geotrack-api ---
[INFO] Nothing to compile - all classes are up to date.
[INFO] 
[INFO] --- surefire:3.5.2:test (default-test) @ geotrack-api ---
[INFO] Using auto detected provider org.apache.maven.surefire.junitplatform.JUnitPlatformProvider
[INFO] 
[INFO] -------------------------------------------------------
[INFO]  T E S T S
[INFO] -------------------------------------------------------
[INFO] Running com.geotrack.api.resource.AssetResourceIntegrationTest
2026-02-27 17:22:50 INFO  [or.te.DockerClientFactory] (build-33) Testcontainers version: 1.20.4
2026-02-27 17:22:51 INFO  [or.te.do.DockerMachineClientProviderStrategy] (build-33) docker-machine executable was not found on PATH ([C:\Users\stuar\.local\bin, C:\Program Files\NVIDIA GPU Computing Toolkit\CUDA\v12.9\bin, C:\Program Files\NVIDIA GPU Computing Toolkit\CUDA\v12.9\libnvvp, C:\Python312\Scripts\, C:\Python312\, C:\Program Files\Oculus\Support\oculus-runtime, C:\WINDOWS\system32, C:\WINDOWS, C:\WINDOWS\System32\Wbem, C:\WINDOWS\System32\WindowsPowerShell\v1.0\, C:\WINDOWS\System32\OpenSSH\, C:\Program Files (x86)\NVIDIA Corporation\PhysX\Common, C:\Program Files\NVIDIA Corporation\NVIDIA app\NvDLISR, C:\ProgramData\chocolatey\bin, C:\Program Files\usbipd-win\, C:\Program Files\Microsoft SQL Server\150\Tools\Binn\, C:\Program Files\dotnet\, C:\Program Files (x86)\Windows Kits\10\Windows Performance Toolkit\, c:\Users\stuar\AppData\Local\Programs\cursor\resources\app\bin, C:\Program Files\Docker\Docker\resources\bin, C:\Program Files\GitHub CLI\, C:\Program Files\Git\cmd, C:\Program Files\CMake\bin, C:\Users\stuar\AppData\Local\nvm, C:\nvm4w\nodejs, C:\Program Files\NVIDIA Corporation\Nsight Compute 2025.2.0\, C:\Users\stuar\.cargo\bin, C:\Tools, C:\Users\stuar\scoop\apps\gcc\current\bin, C:\Users\stuar\scoop\shims, C:\Users\stuar\AppData\Local\Microsoft\WindowsApps, C:\Users\stuar\AppData\Local\Programs\Microsoft VS Code Insiders\bin, C:\Users\stuar\AppData\Roaming\npm, C:\Users\stuar\.dotnet\tools, C:\Users\stuar\AppData\Local\Programs\cursor\resources\app\bin, C:\Users\stuar\.lmstudi, C:\Users\stuar\AppData\Local\Programs\Ollama, C:\Users\stuar\AppData\Local\Programs\Microsoft VS Code\bin, C:\Users\stuar\AppData\Local\Microsoft\WinGet\Packages\fullstorydev.grpcurl_Microsoft.Winget.Source_8wekyb3d8bbwe, C:\Program Files\Eclipse Adoptium\jdk-21.0.10.7-hotspot\bin, C:\Program Files\apache-maven-3.9.12\bin])
2026-02-27 17:22:51 ERROR [or.te.do.DockerClientProviderStrategy] (build-33) Could not find a valid Docker environment. Please check configuration. Attempted configurations were:
As no valid configuration was found, execution cannot continue.
See https://java.testcontainers.org/on_failure.html for more details.
2026-02-27 17:22:52 WARN  [io.qu.de.ut.ContainerRuntimeUtil] (build-33) Command "docker info" exited with error code 1. Rootless container runtime detection might not be reliable or the container service is not running at all.
2026-02-27 17:22:52 INFO  [or.te.im.PullPolicy] (build-33) Image pull policy will be performed by: DefaultPullPolicy()
2026-02-27 17:22:52 INFO  [or.te.ut.ImageNameSubstitutor] (build-33) Image name substitution will be performed by: DefaultImageNameSubstitutor (composite of 'ConfigurationFileImageNameSubstitutor' and 'PrefixingImageNameSubstitutor')
2026-02-27 17:22:52 INFO  [or.te.DockerClientFactory] (build-33) Testcontainers version: 1.20.4
2026-02-27 17:22:52 INFO  [or.te.DockerClientFactory] (build-45) Testcontainers version: 1.20.4
[ERROR] Tests run: 8, Failures: 0, Errors: 1, Skipped: 7, Time elapsed: 13.84 s <<< FAILURE! -- in com.geotrack.api.resource.AssetResourceIntegrationTest
[ERROR] com.geotrack.api.resource.AssetResourceIntegrationTest.shouldCreateAsset -- Time elapsed: 0.010 s <<< ERROR!
java.lang.RuntimeException: 
java.lang.RuntimeException: io.quarkus.builder.BuildException: Build failure: Build failed due to errors
	[error]: Build step io.quarkus.redis.deployment.client.DevServicesRedisProcessor#startRedisContainers threw an exception: java.lang.RuntimeException: java.lang.IllegalStateException: Previous attempts to find a Docker environment failed. Will not retry. Please see logs and check configuration
	at io.quarkus.redis.deployment.client.DevServicesRedisProcessor.startRedisContainers(DevServicesRedisProcessor.java:124)
	at java.base/java.lang.invoke.MethodHandle.invokeWithArguments(MethodHandle.java:733)
	at io.quarkus.deployment.ExtensionLoader$3.execute(ExtensionLoader.java:856)
	at io.quarkus.builder.BuildContext.run(BuildContext.java:256)
	at org.jboss.threads.ContextHandler$1.runWith(ContextHandler.java:18)
	at org.jboss.threads.EnhancedQueueExecutor$Task.doRunWith(EnhancedQueueExecutor.java:2675)
	at org.jboss.threads.EnhancedQueueExecutor$Task.run(EnhancedQueueExecutor.java:2654)
	at org.jboss.threads.EnhancedQueueExecutor.runThreadBody(EnhancedQueueExecutor.java:1627)
	at org.jboss.threads.EnhancedQueueExecutor$ThreadBody.run(EnhancedQueueExecutor.java:1594)
	at java.base/java.lang.Thread.run(Thread.java:1583)
	at org.jboss.threads.JBossThread.run(JBossThread.java:499)
Caused by: java.lang.IllegalStateException: Previous attempts to find a Docker environment failed. Will not retry. Please see logs and check configuration
	at org.testcontainers.dockerclient.DockerClientProviderStrategy.getFirstValidStrategy(DockerClientProviderStrategy.java:229)
	at org.testcontainers.DockerClientFactory.getOrInitializeStrategy(DockerClientFactory.java:154)
	at org.testcontainers.DockerClientFactory.client(DockerClientFactory.java:196)
	at org.testcontainers.DockerClientFactory$1.getDockerClient(DockerClientFactory.java:108)
	at com.github.dockerjava.api.DockerClientDelegate.authConfig(DockerClientDelegate.java:109)
	at org.testcontainers.containers.GenericContainer.start(GenericContainer.java:321)
	at io.quarkus.redis.deployment.client.DevServicesRedisProcessor.lambda$startContainer$1(DevServicesRedisProcessor.java:184)
	at java.base/java.util.Optional.orElseGet(Optional.java:364)
	at io.quarkus.redis.deployment.client.DevServicesRedisProcessor.startContainer(DevServicesRedisProcessor.java:196)
	at io.quarkus.redis.deployment.client.DevServicesRedisProcessor.startRedisContainers(DevServicesRedisProcessor.java:105)
	... 10 more

	[error]: Build step io.quarkus.datasource.deployment.devservices.DevServicesDatasourceProcessor#launchDatabases threw an exception: java.lang.RuntimeException: java.lang.IllegalStateException: Previous attempts to find a Docker environment failed. Will not retry. Please see logs and check configuration
	at io.quarkus.datasource.deployment.devservices.DevServicesDatasourceProcessor.startDevDb(DevServicesDatasourceProcessor.java:368)
	at io.quarkus.datasource.deployment.devservices.DevServicesDatasourceProcessor.launchDatabases(DevServicesDatasourceProcessor.java:121)
	at java.base/java.lang.invoke.MethodHandle.invokeWithArguments(MethodHandle.java:733)
	at io.quarkus.deployment.ExtensionLoader$3.execute(ExtensionLoader.java:856)
	at io.quarkus.builder.BuildContext.run(BuildContext.java:256)
	at org.jboss.threads.ContextHandler$1.runWith(ContextHandler.java:18)
	at org.jboss.threads.EnhancedQueueExecutor$Task.doRunWith(EnhancedQueueExecutor.java:2675)
	at org.jboss.threads.EnhancedQueueExecutor$Task.run(EnhancedQueueExecutor.java:2654)
	at org.jboss.threads.EnhancedQueueExecutor.runThreadBody(EnhancedQueueExecutor.java:1627)
	at org.jboss.threads.EnhancedQueueExecutor$ThreadBody.run(EnhancedQueueExecutor.java:1594)
	at java.base/java.lang.Thread.run(Thread.java:1583)
	at org.jboss.threads.JBossThread.run(JBossThread.java:499)
Caused by: java.lang.IllegalStateException: Previous attempts to find a Docker environment failed. Will not retry. Please see logs and check configuration
	at org.testcontainers.dockerclient.DockerClientProviderStrategy.getFirstValidStrategy(DockerClientProviderStrategy.java:229)
	at org.testcontainers.DockerClientFactory.getOrInitializeStrategy(DockerClientFactory.java:154)
	at org.testcontainers.DockerClientFactory.client(DockerClientFactory.java:196)
	at org.testcontainers.DockerClientFactory$1.getDockerClient(DockerClientFactory.java:108)
	at com.github.dockerjava.api.DockerClientDelegate.authConfig(DockerClientDelegate.java:109)
	at org.testcontainers.containers.GenericContainer.start(GenericContainer.java:321)
	at io.quarkus.devservices.postgresql.deployment.PostgresqlDevServicesProcessor$1.startDatabase(PostgresqlDevServicesProcessor.java:84)
	at io.quarkus.datasource.deployment.devservices.DevServicesDatasourceProcessor.startDevDb(DevServicesDatasourceProcessor.java:294)
	... 11 more

	at io.quarkus.test.junit.QuarkusTestExtension.throwBootFailureException(QuarkusTestExtension.java:628)
	at io.quarkus.test.junit.QuarkusTestExtension.interceptTestClassConstructor(QuarkusTestExtension.java:712)
	at java.base/java.util.Optional.orElseGet(Optional.java:364)
	at java.base/java.util.ArrayList.forEach(ArrayList.java:1596)
	at java.base/java.util.ArrayList.forEach(ArrayList.java:1596)
Caused by: java.lang.RuntimeException: io.quarkus.builder.BuildException: Build failure: Build failed due to errors
	[error]: Build step io.quarkus.redis.deployment.client.DevServicesRedisProcessor#startRedisContainers threw an exception: java.lang.RuntimeException: java.lang.IllegalStateException: Previous attempts to find a Docker environment failed. Will not retry. Please see logs and check configuration
	at io.quarkus.redis.deployment.client.DevServicesRedisProcessor.startRedisContainers(DevServicesRedisProcessor.java:124)
	at java.base/java.lang.invoke.MethodHandle.invokeWithArguments(MethodHandle.java:733)
	at io.quarkus.deployment.ExtensionLoader$3.execute(ExtensionLoader.java:856)
	at io.quarkus.builder.BuildContext.run(BuildContext.java:256)
	at org.jboss.threads.ContextHandler$1.runWith(ContextHandler.java:18)
	at org.jboss.threads.EnhancedQueueExecutor$Task.doRunWith(EnhancedQueueExecutor.java:2675)
	at org.jboss.threads.EnhancedQueueExecutor$Task.run(EnhancedQueueExecutor.java:2654)
	at org.jboss.threads.EnhancedQueueExecutor.runThreadBody(EnhancedQueueExecutor.java:1627)
	at org.jboss.threads.EnhancedQueueExecutor$ThreadBody.run(EnhancedQueueExecutor.java:1594)
	at java.base/java.lang.Thread.run(Thread.java:1583)
	at org.jboss.threads.JBossThread.run(JBossThread.java:499)
Caused by: java.lang.IllegalStateException: Previous attempts to find a Docker environment failed. Will not retry. Please see logs and check configuration
	at org.testcontainers.dockerclient.DockerClientProviderStrategy.getFirstValidStrategy(DockerClientProviderStrategy.java:229)
	at org.testcontainers.DockerClientFactory.getOrInitializeStrategy(DockerClientFactory.java:154)
	at org.testcontainers.DockerClientFactory.client(DockerClientFactory.java:196)
	at org.testcontainers.DockerClientFactory$1.getDockerClient(DockerClientFactory.java:108)
	at com.github.dockerjava.api.DockerClientDelegate.authConfig(DockerClientDelegate.java:109)
	at org.testcontainers.containers.GenericContainer.start(GenericContainer.java:321)
	at io.quarkus.redis.deployment.client.DevServicesRedisProcessor.lambda$startContainer$1(DevServicesRedisProcessor.java:184)
	at java.base/java.util.Optional.orElseGet(Optional.java:364)
	at io.quarkus.redis.deployment.client.DevServicesRedisProcessor.startContainer(DevServicesRedisProcessor.java:196)
	at io.quarkus.redis.deployment.client.DevServicesRedisProcessor.startRedisContainers(DevServicesRedisProcessor.java:105)
	... 10 more

	[error]: Build step io.quarkus.datasource.deployment.devservices.DevServicesDatasourceProcessor#launchDatabases threw an exception: java.lang.RuntimeException: java.lang.IllegalStateException: Previous attempts to find a Docker environment failed. Will not retry. Please see logs and check configuration
	at io.quarkus.datasource.deployment.devservices.DevServicesDatasourceProcessor.startDevDb(DevServicesDatasourceProcessor.java:368)
	at io.quarkus.datasource.deployment.devservices.DevServicesDatasourceProcessor.launchDatabases(DevServicesDatasourceProcessor.java:121)
	at java.base/java.lang.invoke.MethodHandle.invokeWithArguments(MethodHandle.java:733)
	at io.quarkus.deployment.ExtensionLoader$3.execute(ExtensionLoader.java:856)
	at io.quarkus.builder.BuildContext.run(BuildContext.java:256)
	at org.jboss.threads.ContextHandler$1.runWith(ContextHandler.java:18)
	at org.jboss.threads.EnhancedQueueExecutor$Task.doRunWith(EnhancedQueueExecutor.java:2675)
	at org.jboss.threads.EnhancedQueueExecutor$Task.run(EnhancedQueueExecutor.java:2654)
	at org.jboss.threads.EnhancedQueueExecutor.runThreadBody(EnhancedQueueExecutor.java:1627)
	at org.jboss.threads.EnhancedQueueExecutor$ThreadBody.run(EnhancedQueueExecutor.java:1594)
	at java.base/java.lang.Thread.run(Thread.java:1583)
	at org.jboss.threads.JBossThread.run(JBossThread.java:499)
Caused by: java.lang.IllegalStateException: Previous attempts to find a Docker environment failed. Will not retry. Please see logs and check configuration
	at org.testcontainers.dockerclient.DockerClientProviderStrategy.getFirstValidStrategy(DockerClientProviderStrategy.java:229)
	at org.testcontainers.DockerClientFactory.getOrInitializeStrategy(DockerClientFactory.java:154)
	at org.testcontainers.DockerClientFactory.client(DockerClientFactory.java:196)
	at org.testcontainers.DockerClientFactory$1.getDockerClient(DockerClientFactory.java:108)
	at com.github.dockerjava.api.DockerClientDelegate.authConfig(DockerClientDelegate.java:109)
	at org.testcontainers.containers.GenericContainer.start(GenericContainer.java:321)
	at io.quarkus.devservices.postgresql.deployment.PostgresqlDevServicesProcessor$1.startDatabase(PostgresqlDevServicesProcessor.java:84)
	at io.quarkus.datasource.deployment.devservices.DevServicesDatasourceProcessor.startDevDb(DevServicesDatasourceProcessor.java:294)
	... 11 more

	at io.quarkus.runner.bootstrap.AugmentActionImpl.runAugment(AugmentActionImpl.java:355)
	at io.quarkus.runner.bootstrap.AugmentActionImpl.createInitialRuntimeApplication(AugmentActionImpl.java:272)
	at io.quarkus.runner.bootstrap.AugmentActionImpl.createInitialRuntimeApplication(AugmentActionImpl.java:62)
	at io.quarkus.test.junit.QuarkusTestExtension.doJavaStart(QuarkusTestExtension.java:212)
	at io.quarkus.test.junit.QuarkusTestExtension.ensureStarted(QuarkusTestExtension.java:595)
	at io.quarkus.test.junit.QuarkusTestExtension.beforeAll(QuarkusTestExtension.java:645)
	... 1 more
Caused by: io.quarkus.builder.BuildException: Build failure: Build failed due to errors
	[error]: Build step io.quarkus.redis.deployment.client.DevServicesRedisProcessor#startRedisContainers threw an exception: java.lang.RuntimeException: java.lang.IllegalStateException: Previous attempts to find a Docker environment failed. Will not retry. Please see logs and check configuration
	at io.quarkus.redis.deployment.client.DevServicesRedisProcessor.startRedisContainers(DevServicesRedisProcessor.java:124)
	at java.base/java.lang.invoke.MethodHandle.invokeWithArguments(MethodHandle.java:733)
	at io.quarkus.deployment.ExtensionLoader$3.execute(ExtensionLoader.java:856)
	at io.quarkus.builder.BuildContext.run(BuildContext.java:256)
	at org.jboss.threads.ContextHandler$1.runWith(ContextHandler.java:18)
	at org.jboss.threads.EnhancedQueueExecutor$Task.doRunWith(EnhancedQueueExecutor.java:2675)
	at org.jboss.threads.EnhancedQueueExecutor$Task.run(EnhancedQueueExecutor.java:2654)
	at org.jboss.threads.EnhancedQueueExecutor.runThreadBody(EnhancedQueueExecutor.java:1627)
	at org.jboss.threads.EnhancedQueueExecutor$ThreadBody.run(EnhancedQueueExecutor.java:1594)
	at java.base/java.lang.Thread.run(Thread.java:1583)
	at org.jboss.threads.JBossThread.run(JBossThread.java:499)
Caused by: java.lang.IllegalStateException: Previous attempts to find a Docker environment failed. Will not retry. Please see logs and check configuration
	at org.testcontainers.dockerclient.DockerClientProviderStrategy.getFirstValidStrategy(DockerClientProviderStrategy.java:229)
	at org.testcontainers.DockerClientFactory.getOrInitializeStrategy(DockerClientFactory.java:154)
	at org.testcontainers.DockerClientFactory.client(DockerClientFactory.java:196)
	at org.testcontainers.DockerClientFactory$1.getDockerClient(DockerClientFactory.java:108)
	at com.github.dockerjava.api.DockerClientDelegate.authConfig(DockerClientDelegate.java:109)
	at org.testcontainers.containers.GenericContainer.start(GenericContainer.java:321)
	at io.quarkus.redis.deployment.client.DevServicesRedisProcessor.lambda$startContainer$1(DevServicesRedisProcessor.java:184)
	at java.base/java.util.Optional.orElseGet(Optional.java:364)
	at io.quarkus.redis.deployment.client.DevServicesRedisProcessor.startContainer(DevServicesRedisProcessor.java:196)
	at io.quarkus.redis.deployment.client.DevServicesRedisProcessor.startRedisContainers(DevServicesRedisProcessor.java:105)
	... 10 more

	[error]: Build step io.quarkus.datasource.deployment.devservices.DevServicesDatasourceProcessor#launchDatabases threw an exception: java.lang.RuntimeException: java.lang.IllegalStateException: Previous attempts to find a Docker environment failed. Will not retry. Please see logs and check configuration
	at io.quarkus.datasource.deployment.devservices.DevServicesDatasourceProcessor.startDevDb(DevServicesDatasourceProcessor.java:368)
	at io.quarkus.datasource.deployment.devservices.DevServicesDatasourceProcessor.launchDatabases(DevServicesDatasourceProcessor.java:121)
	at java.base/java.lang.invoke.MethodHandle.invokeWithArguments(MethodHandle.java:733)
	at io.quarkus.deployment.ExtensionLoader$3.execute(ExtensionLoader.java:856)
	at io.quarkus.builder.BuildContext.run(BuildContext.java:256)
	at org.jboss.threads.ContextHandler$1.runWith(ContextHandler.java:18)
	at org.jboss.threads.EnhancedQueueExecutor$Task.doRunWith(EnhancedQueueExecutor.java:2675)
	at org.jboss.threads.EnhancedQueueExecutor$Task.run(EnhancedQueueExecutor.java:2654)
	at org.jboss.threads.EnhancedQueueExecutor.runThreadBody(EnhancedQueueExecutor.java:1627)
	at org.jboss.threads.EnhancedQueueExecutor$ThreadBody.run(EnhancedQueueExecutor.java:1594)
	at java.base/java.lang.Thread.run(Thread.java:1583)
	at org.jboss.threads.JBossThread.run(JBossThread.java:499)
Caused by: java.lang.IllegalStateException: Previous attempts to find a Docker environment failed. Will not retry. Please see logs and check configuration
	at org.testcontainers.dockerclient.DockerClientProviderStrategy.getFirstValidStrategy(DockerClientProviderStrategy.java:229)
	at org.testcontainers.DockerClientFactory.getOrInitializeStrategy(DockerClientFactory.java:154)
	at org.testcontainers.DockerClientFactory.client(DockerClientFactory.java:196)
	at org.testcontainers.DockerClientFactory$1.getDockerClient(DockerClientFactory.java:108)
	at com.github.dockerjava.api.DockerClientDelegate.authConfig(DockerClientDelegate.java:109)
	at org.testcontainers.containers.GenericContainer.start(GenericContainer.java:321)
	at io.quarkus.devservices.postgresql.deployment.PostgresqlDevServicesProcessor$1.startDatabase(PostgresqlDevServicesProcessor.java:84)
	at io.quarkus.datasource.deployment.devservices.DevServicesDatasourceProcessor.startDevDb(DevServicesDatasourceProcessor.java:294)
	... 11 more

	at io.quarkus.builder.Execution.run(Execution.java:124)
	at io.quarkus.builder.BuildExecutionBuilder.execute(BuildExecutionBuilder.java:79)
	at io.quarkus.deployment.QuarkusAugmentor.run(QuarkusAugmentor.java:161)
	at io.quarkus.runner.bootstrap.AugmentActionImpl.runAugment(AugmentActionImpl.java:351)
	... 6 more
	Suppressed: java.lang.RuntimeException: java.lang.IllegalStateException: Previous attempts to find a Docker environment failed. Will not retry. Please see logs and check configuration
		at io.quarkus.datasource.deployment.devservices.DevServicesDatasourceProcessor.startDevDb(DevServicesDatasourceProcessor.java:368)
		at io.quarkus.datasource.deployment.devservices.DevServicesDatasourceProcessor.launchDatabases(DevServicesDatasourceProcessor.java:121)
		at java.base/java.lang.invoke.MethodHandle.invokeWithArguments(MethodHandle.java:733)
		at io.quarkus.deployment.ExtensionLoader$3.execute(ExtensionLoader.java:856)
		at io.quarkus.builder.BuildContext.run(BuildContext.java:256)
		at org.jboss.threads.ContextHandler$1.runWith(ContextHandler.java:18)
		at org.jboss.threads.EnhancedQueueExecutor$Task.doRunWith(EnhancedQueueExecutor.java:2675)
		at org.jboss.threads.EnhancedQueueExecutor$Task.run(EnhancedQueueExecutor.java:2654)
		at org.jboss.threads.EnhancedQueueExecutor.runThreadBody(EnhancedQueueExecutor.java:1627)
		at org.jboss.threads.EnhancedQueueExecutor$ThreadBody.run(EnhancedQueueExecutor.java:1594)
		at java.base/java.lang.Thread.run(Thread.java:1583)
		at org.jboss.threads.JBossThread.run(JBossThread.java:499)
	Caused by: java.lang.IllegalStateException: Previous attempts to find a Docker environment failed. Will not retry. Please see logs and check configuration
		at org.testcontainers.dockerclient.DockerClientProviderStrategy.getFirstValidStrategy(DockerClientProviderStrategy.java:229)
		at org.testcontainers.DockerClientFactory.getOrInitializeStrategy(DockerClientFactory.java:154)
		at org.testcontainers.DockerClientFactory.client(DockerClientFactory.java:196)
		at org.testcontainers.DockerClientFactory$1.getDockerClient(DockerClientFactory.java:108)
		at com.github.dockerjava.api.DockerClientDelegate.authConfig(DockerClientDelegate.java:109)
		at org.testcontainers.containers.GenericContainer.start(GenericContainer.java:321)
		at io.quarkus.devservices.postgresql.deployment.PostgresqlDevServicesProcessor$1.startDatabase(PostgresqlDevServicesProcessor.java:84)
		at io.quarkus.datasource.deployment.devservices.DevServicesDatasourceProcessor.startDevDb(DevServicesDatasourceProcessor.java:294)
		... 11 more
Caused by: java.lang.RuntimeException: java.lang.IllegalStateException: Previous attempts to find a Docker environment failed. Will not retry. Please see logs and check configuration
	at io.quarkus.redis.deployment.client.DevServicesRedisProcessor.startRedisContainers(DevServicesRedisProcessor.java:124)
	at java.base/java.lang.invoke.MethodHandle.invokeWithArguments(MethodHandle.java:733)
	at io.quarkus.deployment.ExtensionLoader$3.execute(ExtensionLoader.java:856)
	at io.quarkus.builder.BuildContext.run(BuildContext.java:256)
	at org.jboss.threads.ContextHandler$1.runWith(ContextHandler.java:18)
	at org.jboss.threads.EnhancedQueueExecutor$Task.doRunWith(EnhancedQueueExecutor.java:2675)
	at org.jboss.threads.EnhancedQueueExecutor$Task.run(EnhancedQueueExecutor.java:2654)
	at org.jboss.threads.EnhancedQueueExecutor.runThreadBody(EnhancedQueueExecutor.java:1627)
	at org.jboss.threads.EnhancedQueueExecutor$ThreadBody.run(EnhancedQueueExecutor.java:1594)
	at java.base/java.lang.Thread.run(Thread.java:1583)
	at org.jboss.threads.JBossThread.run(JBossThread.java:499)
Caused by: java.lang.IllegalStateException: Previous attempts to find a Docker environment failed. Will not retry. Please see logs and check configuration
	at org.testcontainers.dockerclient.DockerClientProviderStrategy.getFirstValidStrategy(DockerClientProviderStrategy.java:229)
	at org.testcontainers.DockerClientFactory.getOrInitializeStrategy(DockerClientFactory.java:154)
	at org.testcontainers.DockerClientFactory.client(DockerClientFactory.java:196)
	at org.testcontainers.DockerClientFactory$1.getDockerClient(DockerClientFactory.java:108)
	at com.github.dockerjava.api.DockerClientDelegate.authConfig(DockerClientDelegate.java:109)
	at org.testcontainers.containers.GenericContainer.start(GenericContainer.java:321)
	at io.quarkus.redis.deployment.client.DevServicesRedisProcessor.lambda$startContainer$1(DevServicesRedisProcessor.java:184)
	at java.base/java.util.Optional.orElseGet(Optional.java:364)
	at io.quarkus.redis.deployment.client.DevServicesRedisProcessor.startContainer(DevServicesRedisProcessor.java:196)
	at io.quarkus.redis.deployment.client.DevServicesRedisProcessor.startRedisContainers(DevServicesRedisProcessor.java:105)
	... 10 more

[INFO] Running com.geotrack.api.resource.PositionResourceIntegrationTest
[INFO] Tests run: 0, Failures: 0, Errors: 0, Skipped: 0, Time elapsed: 0.047 s -- in com.geotrack.api.resource.PositionResourceIntegrationTest
[INFO] Running com.geotrack.api.service.AssetServiceTest
[INFO] Running com.geotrack.api.service.AssetServiceTest$Delete
mvn : Mockito is currently self-attaching to enable the inline-mock-maker. This will no longer work in future releases 
of the JDK. Please add Mockito as an agent to your build what is described in Mockito's documentation: 
https://javadoc.io/doc/org.mockito/mockito-core/latest/org/mockito/Mockito.html#0.3
At line:1 char:216
+ ... es\apache-maven-3.9.12\bin" ; mvn test 2>&1 > test-output.txt ; echo  ...
+                                   ~~~~~~~~~~~~~~~~~~~~~~~~~~~~~~~
    + CategoryInfo          : NotSpecified: (Mockito is curr...ockito.html#0.3:String) [], RemoteException
    + FullyQualifiedErrorId : NativeCommandError
 
WARNING: A Java agent has been loaded dynamically 
(C:\Users\stuar\.m2\repository\net\bytebuddy\byte-buddy-agent\1.15.4\byte-buddy-agent-1.15.4.jar)
WARNING: If a serviceability tool is in use, please run with -XX:+EnableDynamicAgentLoading to hide this warning
WARNING: If a serviceability tool is not in use, please run with -Djdk.instrument.traceUsage for more information
WARNING: Dynamic loading of agents will be disallowed by default in a future release
OpenJDK 64-Bit Server VM warning: Sharing is only supported for boot loader classes because bootstrap classpath has 
been appended
[INFO] Tests run: 2, Failures: 0, Errors: 0, Skipped: 0, Time elapsed: 1.221 s -- in com.geotrack.api.service.AssetServiceTest$Delete
[INFO] Running com.geotrack.api.service.AssetServiceTest$FindAll
[INFO] Tests run: 2, Failures: 0, Errors: 0, Skipped: 0, Time elapsed: 0.037 s -- in com.geotrack.api.service.AssetServiceTest$FindAll
[INFO] Running com.geotrack.api.service.AssetServiceTest$Create
[INFO] Tests run: 1, Failures: 0, Errors: 0, Skipped: 0, Time elapsed: 0.035 s -- in com.geotrack.api.service.AssetServiceTest$Create
[INFO] Running com.geotrack.api.service.AssetServiceTest$FindById
[INFO] Tests run: 2, Failures: 0, Errors: 0, Skipped: 0, Time elapsed: 0.015 s -- in com.geotrack.api.service.AssetServiceTest$FindById
[INFO] Tests run: 0, Failures: 0, Errors: 0, Skipped: 0, Time elapsed: 1.344 s -- in com.geotrack.api.service.AssetServiceTest
[INFO] 
[INFO] Results:
[INFO] 
[ERROR] Errors: 
[ERROR]   AssetResourceIntegrationTest.shouldCreateAsset ╗ Runtime java.lang.RuntimeException: io.quarkus.builder.BuildException: Build failure: Build failed due to errors
	[error]: Build step io.quarkus.redis.deployment.client.DevServicesRedisProcessor#startRedisContainers threw an exception: java.lang.RuntimeException: java.lang.IllegalStateException: Previous attempts to find a Docker environment failed. Will not retry. Please see logs and check configuration
	at io.quarkus.redis.deployment.client.DevServicesRedisProcessor.startRedisContainers(DevServicesRedisProcessor.java:124)
	at java.base/java.lang.invoke.MethodHandle.invokeWithArguments(MethodHandle.java:733)
	at io.quarkus.deployment.ExtensionLoader$3.execute(ExtensionLoader.java:856)
	at io.quarkus.builder.BuildContext.run(BuildContext.java:256)
	at org.jboss.threads.ContextHandler$1.runWith(ContextHandler.java:18)
	at org.jboss.threads.EnhancedQueueExecutor$Task.doRunWith(EnhancedQueueExecutor.java:2675)
	at org.jboss.threads.EnhancedQueueExecutor$Task.run(EnhancedQueueExecutor.java:2654)
	at org.jboss.threads.EnhancedQueueExecutor.runThreadBody(EnhancedQueueExecutor.java:1627)
	at org.jboss.threads.EnhancedQueueExecutor$ThreadBody.run(EnhancedQueueExecutor.java:1594)
	at java.base/java.lang.Thread.run(Thread.java:1583)
	at org.jboss.threads.JBossThread.run(JBossThread.java:499)
Caused by: java.lang.IllegalStateException: Previous attempts to find a Docker environment failed. Will not retry. Please see logs and check configuration
	at org.testcontainers.dockerclient.DockerClientProviderStrategy.getFirstValidStrategy(DockerClientProviderStrategy.java:229)
	at org.testcontainers.DockerClientFactory.getOrInitializeStrategy(DockerClientFactory.java:154)
	at org.testcontainers.DockerClientFactory.client(DockerClientFactory.java:196)
	at org.testcontainers.DockerClientFactory$1.getDockerClient(DockerClientFactory.java:108)
	at com.github.dockerjava.api.DockerClientDelegate.authConfig(DockerClientDelegate.java:109)
	at org.testcontainers.containers.GenericContainer.start(GenericContainer.java:321)
	at io.quarkus.redis.deployment.client.DevServicesRedisProcessor.lambda$startContainer$1(DevServicesRedisProcessor.java:184)
	at java.base/java.util.Optional.orElseGet(Optional.java:364)
	at io.quarkus.redis.deployment.client.DevServicesRedisProcessor.startContainer(DevServicesRedisProcessor.java:196)
	at io.quarkus.redis.deployment.client.DevServicesRedisProcessor.startRedisContainers(DevServicesRedisProcessor.java:105)
	... 10 more

	[error]: Build step io.quarkus.datasource.deployment.devservices.DevServicesDatasourceProcessor#launchDatabases threw an exception: java.lang.RuntimeException: java.lang.IllegalStateException: Previous attempts to find a Docker environment failed. Will not retry. Please see logs and check configuration
	at io.quarkus.datasource.deployment.devservices.DevServicesDatasourceProcessor.startDevDb(DevServicesDatasourceProcessor.java:368)
	at io.quarkus.datasource.deployment.devservices.DevServicesDatasourceProcessor.launchDatabases(DevServicesDatasourceProcessor.java:121)
	at java.base/java.lang.invoke.MethodHandle.invokeWithArguments(MethodHandle.java:733)
	at io.quarkus.deployment.ExtensionLoader$3.execute(ExtensionLoader.java:856)
	at io.quarkus.builder.BuildContext.run(BuildContext.java:256)
	at org.jboss.threads.ContextHandler$1.runWith(ContextHandler.java:18)
	at org.jboss.threads.EnhancedQueueExecutor$Task.doRunWith(EnhancedQueueExecutor.java:2675)
	at org.jboss.threads.EnhancedQueueExecutor$Task.run(EnhancedQueueExecutor.java:2654)
	at org.jboss.threads.EnhancedQueueExecutor.runThreadBody(EnhancedQueueExecutor.java:1627)
	at org.jboss.threads.EnhancedQueueExecutor$ThreadBody.run(EnhancedQueueExecutor.java:1594)
	at java.base/java.lang.Thread.run(Thread.java:1583)
	at org.jboss.threads.JBossThread.run(JBossThread.java:499)
Caused by: java.lang.IllegalStateException: Previous attempts to find a Docker environment failed. Will not retry. Please see logs and check configuration
	at org.testcontainers.dockerclient.DockerClientProviderStrategy.getFirstValidStrategy(DockerClientProviderStrategy.java:229)
	at org.testcontainers.DockerClientFactory.getOrInitializeStrategy(DockerClientFactory.java:154)
	at org.testcontainers.DockerClientFactory.client(DockerClientFactory.java:196)
	at org.testcontainers.DockerClientFactory$1.getDockerClient(DockerClientFactory.java:108)
	at com.github.dockerjava.api.DockerClientDelegate.authConfig(DockerClientDelegate.java:109)
	at org.testcontainers.containers.GenericContainer.start(GenericContainer.java:321)
	at io.quarkus.devservices.postgresql.deployment.PostgresqlDevServicesProcessor$1.startDatabase(PostgresqlDevServicesProcessor.java:84)
	at io.quarkus.datasource.deployment.devservices.DevServicesDatasourceProcessor.startDevDb(DevServicesDatasourceProcessor.java:294)
	... 11 more

[INFO] 
[ERROR] Tests run: 15, Failures: 0, Errors: 1, Skipped: 7
[INFO] 
[INFO] ------------------------------------------------------------------------
[INFO] Reactor Summary for GeoTrack - Parent 1.0.0-SNAPSHOT:
[INFO] 
[INFO] GeoTrack - Parent .................................. SUCCESS [  0.002 s]
[INFO] GeoTrack - Common .................................. SUCCESS [  2.402 s]
[INFO] GeoTrack - API Service ............................. FAILURE [ 24.971 s]
[INFO] GeoTrack - Processing Service ...................... SKIPPED
[INFO] GeoTrack - Simulator ............................... SKIPPED
[INFO] ------------------------------------------------------------------------
[INFO] BUILD FAILURE
[INFO] ------------------------------------------------------------------------
[INFO] Total time:  29.151 s
[INFO] Finished at: 2026-02-27T17:22:54Z
[INFO] ------------------------------------------------------------------------
[ERROR] Failed to execute goal org.apache.maven.plugins:maven-surefire-plugin:3.5.2:test (default-test) on project geotrack-api: 
[ERROR] 
[ERROR] See C:\Users\stuar\.openclaw\workspace-personal\geotrack\geotrack-api\target\surefire-reports for the individual test results.
[ERROR] See dump files (if any exist) [date].dump, [date]-jvmRun[N].dump and [date].dumpstream.
[ERROR] -> [Help 1]
[ERROR] 
[ERROR] To see the full stack trace of the errors, re-run Maven with the -e switch.
[ERROR] Re-run Maven using the -X switch to enable full debug logging.
[ERROR] 
[ERROR] For more information about the errors and possible solutions, please read the following articles:
[ERROR] [Help 1] http://cwiki.apache.org/confluence/display/MAVEN/MojoFailureException
[ERROR] 
[ERROR] After correcting the problems, you can resume the build with the command
[ERROR]   mvn <args> -rf :geotrack-api
